// Jest Snapshot v1, https://goo.gl/fbAQLP

exports[`<HeaderMenu /> render() renders the component 1`] = `
<styled.nav>
  <HeaderMenuLogo />
  <Component
    isSelected={false}
    key="DESKTOP"
    onClick={[Function]}
    tooltip="Desktop preview"
    viewportType={
      Object {
        "glyphName": "desktop",
        "tooltip": "Desktop preview",
        "viewportHeight": "100%",
        "viewportWidth": "100%",
      }
    }
  />
  <Component
    isSelected={false}
    key="TABLET"
    onClick={[Function]}
    tooltip="Tablet preview"
    viewportType={
      Object {
        "glyphName": "tablet",
        "tooltip": "Tablet preview",
        "viewportHeight": "1024px",
        "viewportWidth": "768px",
      }
    }
  />
  <Component
    isSelected={false}
    key="MOBILE"
    onClick={[Function]}
    tooltip="Mobile preview"
    viewportType={
      Object {
        "glyphName": "mobile",
        "tooltip": "Mobile preview",
        "viewportHeight": "667px",
        "viewportWidth": "375px",
      }
    }
  />
  <Connect(PubShareBox)
    onPublish={[Function]}
    onReset={[Function]}
    onSave={[Function]}
  />
</styled.nav>
`;
