// Jest Snapshot v1, https://goo.gl/fbAQLP

exports[`UIWindowProvider when given some windows to render renders correctly 1`] = `
<Fragment>
  <p>
    blah
  </p>
  <Draggable
    key="1235"
    position={
      Object {
        "x": 15,
        "y": 20,
      }
    }
  >
    <UIWindow
      id="1235"
      onClose={[Function]}
      topmost={false}
    >
      <ColorPicker
        color={
          Object {
            "a": 1,
            "h": 250,
            "l": 0.2,
            "s": 0.5,
          }
        }
        key="1235"
      />
    </UIWindow>
  </Draggable>
  <Draggable
    key="9876"
    position={
      Object {
        "x": 45,
        "y": 70,
      }
    }
  >
    <UIWindow
      id="9876"
      onClose={[Function]}
      topmost={true}
    >
      <ColorPicker
        color={
          Object {
            "a": 1,
            "h": 250,
            "l": 0.2,
            "s": 0.5,
          }
        }
        key="9876"
      />
    </UIWindow>
  </Draggable>
</Fragment>
`;
