// Jest Snapshot v1, https://goo.gl/fbAQLP

exports[`ActiveAction should render 1`] = `
<Fragment>
  <styled.div>
    <ButtonInput
      disabled={true}
      onClick={[MockFunction]}
      testId="save"
      type="button"
    >
      Save
    </ButtonInput>
  </styled.div>
  <styled.div>
    <ButtonInput
      classType="primary"
      disabled={true}
      onClick={[MockFunction]}
      testId="publish"
    >
      Publish
    </ButtonInput>
  </styled.div>
</Fragment>
`;
