// Jest Snapshot v1, https://goo.gl/fbAQLP

exports[`ActiveAction should render 1`] = `
<Fragment>
  <styled.div>
    <Button
      actionType="primary"
      buttonStyle="outlined"
      disabled={false}
      onClick={[MockFunction]}
      testId="save"
      type="button"
    >
      Save
    </Button>
  </styled.div>
  <styled.div>
    <Button
      actionType="primary"
      buttonStyle="contained"
      disabled={false}
      onClick={[MockFunction]}
      testId="publish"
      type="button"
    >
      Publish
    </Button>
  </styled.div>
</Fragment>
`;
