// Jest Snapshot v1, https://goo.gl/fbAQLP

exports[`renders 1`] = `
<styled.div>
  <styled.div>
    <styled.h2>
      Store theme
    </styled.h2>
    <Styled(Link)
      to="/design"
    />
    <styled.ul>
      <styled.li
        key="light"
      >
        <styled.div>
          light
        </styled.div>
        <styled.div
          theme="http://meow.wow.com/123.jpg"
        />
      </styled.li>
      <styled.li
        key="dark"
      >
        <styled.div>
          dark
        </styled.div>
        <styled.div
          theme="http://meow.wow.com/123.jpg"
        />
      </styled.li>
    </styled.ul>
  </styled.div>
</styled.div>
`;
