// Jest Snapshot v1, https://goo.gl/fbAQLP

exports[`<PreviewPane /> <iframe /> when the viewport type is set to DESKTOP updates the rotated viewportType correctly 1`] = `
<iframe
  class="sc-jzJRlG edmDwU"
  height="100%"
  width="100%"
/>
`;

exports[`<PreviewPane /> <iframe /> when the viewport type is set to DESKTOP updates the viewportType correctly 1`] = `
<iframe
  class="sc-jzJRlG edmDwU"
  height="100%"
  width="100%"
/>
`;

exports[`<PreviewPane /> <iframe /> when the viewport type is set to MOBILE updates the rotated viewportType correctly 1`] = `
<iframe
  class="sc-jzJRlG Nmwpi"
  height="320px"
  width="480px"
/>
`;

exports[`<PreviewPane /> <iframe /> when the viewport type is set to MOBILE updates the viewportType correctly 1`] = `
<iframe
  class="sc-jzJRlG kWAHIg"
  height="480px"
  width="320px"
/>
`;

exports[`<PreviewPane /> <iframe /> when the viewport type is set to TABLET updates the rotated viewportType correctly 1`] = `
<iframe
  class="sc-jzJRlG leoRyT"
  height="768px"
  width="1024px"
/>
`;

exports[`<PreviewPane /> <iframe /> when the viewport type is set to TABLET updates the viewportType correctly 1`] = `
<iframe
  class="sc-jzJRlG cJOvld"
  height="1024px"
  width="768px"
/>
`;

exports[`<PreviewPane /> render() renders the component 1`] = `
<PreviewPane
  clearErrors={[Function]}
  configurationId=""
  errors={Array []}
  loadPage={[Function]}
  receiveThemeConfigChange={[Function]}
/>
`;
