// Jest Snapshot v1, https://goo.gl/fbAQLP

exports[`<PreviewPane /> <iframe /> when the viewport type is set to DESKTOP updates the rotated viewportType correctly 1`] = `
<iframe
  class="sc-bwzfXH krqcfQ"
  height="100%"
  src="/?stencilEditor=26a5d5b0-72ff-0134-79ee-0242ac112a0f@26a5d5b0-72ff-0134-79ee-0242ac112a0f"
  width="100%"
/>
`;

exports[`<PreviewPane /> <iframe /> when the viewport type is set to DESKTOP updates the viewportType correctly 1`] = `
<iframe
  class="sc-bwzfXH krqcfQ"
  height="100%"
  src="/?stencilEditor=26a5d5b0-72ff-0134-79ee-0242ac112a0f@26a5d5b0-72ff-0134-79ee-0242ac112a0f"
  width="100%"
/>
`;

exports[`<PreviewPane /> <iframe /> when the viewport type is set to MOBILE updates the rotated viewportType correctly 1`] = `
<iframe
  class="sc-bwzfXH imvRfn"
  height="375px"
  src="/?stencilEditor=26a5d5b0-72ff-0134-79ee-0242ac112a0f@26a5d5b0-72ff-0134-79ee-0242ac112a0f"
  width="667px"
/>
`;

exports[`<PreviewPane /> <iframe /> when the viewport type is set to MOBILE updates the viewportType correctly 1`] = `
<iframe
  class="sc-bwzfXH fziczk"
  height="667px"
  src="/?stencilEditor=26a5d5b0-72ff-0134-79ee-0242ac112a0f@26a5d5b0-72ff-0134-79ee-0242ac112a0f"
  width="375px"
/>
`;

exports[`<PreviewPane /> <iframe /> when the viewport type is set to TABLET updates the rotated viewportType correctly 1`] = `
<iframe
  class="sc-bwzfXH cfbdlP"
  height="768px"
  src="/?stencilEditor=26a5d5b0-72ff-0134-79ee-0242ac112a0f@26a5d5b0-72ff-0134-79ee-0242ac112a0f"
  width="1024px"
/>
`;

exports[`<PreviewPane /> <iframe /> when the viewport type is set to TABLET updates the viewportType correctly 1`] = `
<iframe
  class="sc-bwzfXH kbDMjO"
  height="1024px"
  src="/?stencilEditor=26a5d5b0-72ff-0134-79ee-0242ac112a0f@26a5d5b0-72ff-0134-79ee-0242ac112a0f"
  width="768px"
/>
`;

exports[`<PreviewPane /> render() renders the component 1`] = `
<PreviewPane
  buildIframeUrl={[Function]}
  configurationId=""
  iframeUrl="/?stencilEditor=26a5d5b0-72ff-0134-79ee-0242ac112a0f@26a5d5b0-72ff-0134-79ee-0242ac112a0f"
  page="/"
  previewPaneLoaded={[Function]}
  previewPaneLoading={[Function]}
  previewPanePageReloaded={[Function]}
  updatePage={[Function]}
/>
`;
