// Jest Snapshot v1, https://goo.gl/fbAQLP

exports[`Banner when rendering renders correctly in live mode 1`] = `""`;

exports[`Banner when rendering renders correctly in maintenance mode 1`] = `
<styled.div>
  Your store is down for maintenance.
   
</styled.div>
`;

exports[`Banner when rendering renders correctly in prelaunch mode 1`] = `
<styled.div>
  Your store has not launched and is not publicly visible.
   
  <Tooltip
    clickable={true}
    message={
      <styled.div>
        <p>
          You must launch your store from the Getting Started page in order to make it public.
        </p>
        <styled.a
          onClick={[Function]}
        >
          Go to Getting Started
        </styled.a>
        <p>
          
    You can still let other people see your store before it is launched by sharing the private store link.

        </p>
      </styled.div>
    }
  >
    <styled.span>
      <Icon
        glyph="help"
        primaryColor="#303540"
        size="large"
      />
    </styled.span>
  </Tooltip>
  <styled.button
    onClick={[Function]}
  >
    Copy private store link
  </styled.button>
</styled.div>
`;
