// Jest Snapshot v1, https://goo.gl/fbAQLP

exports[`<ButtonInput /> renders 1`] = `
<styled.div>
  <styled.button
    border={true}
    classType="primary"
    disabled={false}
    onClick={[Function]}
    theme={
      Object {
        "colors": Object {
          "background": "#F5F7FA",
          "brandPrimary": "#273A8A",
          "primary": "#3F69FE",
        },
        "typography": Object {
          "fontFamily": Object {
            "sans": "\\"Source Sans Pro\\", \\"Helvetica Neue\\", Arial, sans-serif",
          },
        },
      }
    }
    type="button"
  >
    Click Meow!
  </styled.button>
</styled.div>
`;
