// Jest Snapshot v1, https://goo.gl/fbAQLP

exports[`UIWindow when given a window renders correctly 1`] = `
<styled.div>
  <styled.div
    innerRef={
      Object {
        "current": null,
      }
    }
    onClick={[Function]}
    position={
      Object {
        "x": 5,
        "y": 10,
      }
    }
    theme={
      Object {
        "colors": Object {
          "empty": "#FFFFFF",
          "guideText": "#AAAAAA",
        },
        "elevation": Object {
          "raised": 1,
        },
      }
    }
  >
    <Header
      dragging={false}
      onMouseDown={[Function]}
      theme={
        Object {
          "colors": Object {
            "primaryText": "#FFFFFF",
          },
          "typography": Object {
            "fontWeight": Object {
              "bold": 200,
            },
          },
        }
      }
    >
      <styled.h4
        theme={
          Object {
            "colors": Object {
              "primaryText": "#FFFFFF",
            },
            "typography": Object {
              "fontWeight": Object {
                "normal": 200,
              },
            },
          }
        }
      >
        hello
      </styled.h4>
    </Header>
    <styled.div>
      <p>
        blah
      </p>
    </styled.div>
  </styled.div>
</styled.div>
`;
