// Jest Snapshot v1, https://goo.gl/fbAQLP

exports[`UIWindow when given a window renders correctly 1`] = `
<styled.div>
  <styled.div
    onClick={[Function]}
    onKeyDown={[Function]}
    position={
      Object {
        "x": 5,
        "y": 10,
      }
    }
    theme={
      Object {
        "colors": Object {
          "empty": "#FFFFFF",
          "guideText": "#AAAAAA",
        },
        "elevation": Object {
          "floating": "0 2px 12px rgba(48, 53, 64, 0.2)",
        },
        "layers": Object {
          "higher": 100,
        },
      }
    }
  >
    <Header
      theme={
        Object {
          "colors": Object {
            "primaryText": "#FFFFFF",
          },
          "typography": Object {
            "fontWeight": Object {
              "bold": 200,
            },
          },
        }
      }
    >
      <styled.h4
        theme={
          Object {
            "colors": Object {
              "primaryText": "#FFFFFF",
            },
            "typography": Object {
              "fontWeight": Object {
                "normal": 200,
              },
            },
          }
        }
      >
        hello
      </styled.h4>
      <NavItem
        onClick={[Function]}
        theme={
          Object {
            "colors": Object {
              "background": "#F5F7FA",
              "empty": "#FFFFFF",
              "guideText": "#AAAAAA",
            },
            "typography": Object {
              "fontSize": Object {
                "smaller": "14px",
              },
            },
          }
        }
      >
        <Icon
          glyph="closeX"
          primaryColor="#303540"
          size="smaller"
        />
      </NavItem>
    </Header>
    <styled.div>
      <p>
        blah
      </p>
    </styled.div>
  </styled.div>
</styled.div>
`;
