// Jest Snapshot v1, https://goo.gl/fbAQLP

exports[`renders 1`] = `
<SubMenu
  currentPath="/design/logo"
  items={
    Array [
      Object {
        "label": "Logo and Store Name",
        "path": "logo",
      },
      Object {
        "label": "Store Theme",
        "path": "theme",
      },
      Object {
        "label": "fred",
        "path": "0",
      },
      Object {
        "label": "joe",
        "path": "1",
      },
    ]
  }
  title="Design"
/>
`;
