// Jest Snapshot v1, https://goo.gl/fbAQLP

exports[`renders 1`] = `
<div>
  <styled.div>
    <Styled(NavLink)
      activeClassName="nav-item-active"
      exact={true}
      to="/"
    >
      <styled.span>
        <Icon
          glyph="chevronLeft"
          size="larger"
        />
      </styled.span>
      Menu
    </Styled(NavLink)>
  </styled.div>
  <withRouter(MenuItems)
    currentPath="/"
    items={
      Array [
        Object {
          "label": "Logo and name",
          "path": "logo",
        },
        Object {
          "label": "Store theme",
          "path": "theme",
        },
      ]
    }
  />
</div>
`;
