// Jest Snapshot v1, https://goo.gl/fbAQLP

exports[`renders 1`] = `
<div>
  <styled.div>
    <Styled(NavLink)
      activeClassName="nav-item-active"
      exact={true}
      to="/"
    >
      &lt; 
      Menu
    </Styled(NavLink)>
  </styled.div>
  <withRouter(MenuItems)
    currentPath="/"
    items={
      Array [
        Object {
          "label": "Logo and Store Name",
          "path": "logo",
        },
        Object {
          "label": "Store Theme",
          "path": "theme",
        },
      ]
    }
  />
</div>
`;
