// Jest Snapshot v1, https://goo.gl/fbAQLP

exports[`Toast renders 1`] = `
<styled.div
  autoDismiss={true}
>
  <styled.div
    type="Success"
  >
    <styled.span>
      Changes have been saved.
    </styled.span>
    <styled.div
      onClick={[Function]}
    >
      <Icon
        glyph="closeX"
        primaryColor="#F5F7FA"
        size="small"
      />
    </styled.div>
  </styled.div>
</styled.div>
`;
