// Jest Snapshot v1, https://goo.gl/fbAQLP

exports[`Routes renders 1`] = `
<Router
  history={
    Object {
      "action": "POP",
      "block": [Function],
      "createHref": [Function],
      "go": [Function],
      "goBack": [Function],
      "goForward": [Function],
      "listen": [Function],
      "location": Object {
        "hash": "",
        "pathname": "/",
        "search": "",
      },
      "push": [Function],
      "replace": [Function],
    }
  }
>
  <Routes
    history={[MockFunction]}
    location={[MockFunction]}
    match={[MockFunction]}
    staticContext={[MockFunction]}
  />
</Router>
`;
