// Jest Snapshot v1, https://goo.gl/fbAQLP

exports[`ConfirmModal renders 1`] = `
<Modal
  isTransparent={false}
  onClose={[MockFunction]}
  title="Please Confirm:"
>
  <styled.div>
    <styled.div />
    <styled.div>
      <CTAButtons
        primaryAction={[MockFunction]}
        primaryActionText="Ok"
        secondaryAction={[MockFunction]}
      />
    </styled.div>
  </styled.div>
</Modal>
`;
