// Jest Snapshot v1, https://goo.gl/fbAQLP

exports[`PubShareBox renders 1`] = `
<styled.div
  isChanged={false}
>
  <ButtonInput
    disabled={true}
    onClick={[Function]}
    type="button"
  >
    Save
  </ButtonInput>
  <ButtonInput
    classType="primary"
    disabled={true}
    onClick={[MockFunction]}
  >
    Publish
  </ButtonInput>
</styled.div>
`;
