// Jest Snapshot v1, https://goo.gl/fbAQLP

exports[`renders 1`] = `
<styled.div>
  <styled.div>
    <styled.h2>
      foo
    </styled.h2>
    <Styled(Link)
      to="/"
    />
    <styled.div>
      <ThemeModule
        handleVariationChange={[MockFunction]}
        variants={
          Array [
            Object {
              "image": "http://meow.wow.com/123.jpg",
              "isActive": false,
              "name": "light",
              "variationId": "123",
            },
            Object {
              "image": "http://meow.wow.com/123.jpg",
              "isActive": true,
              "name": "dark",
              "variationId": "234",
            },
          ]
        }
      />
    </styled.div>
  </styled.div>
</styled.div>
`;
